2026-08-07T04:32:17.002Z [db ping] Error: connect ECONNREFUSED 127.0.0.1:3306
    at pingDatabase (C:\Users\Playtech\Documents\KCRPwebsite\portal-api\src\db.ts:33:16)
    at <anonymous> (C:\Users\Playtech\Documents\KCRPwebsite\portal-api\src\index.ts:67:29)
    at Layer.handle [as handle_request] (C:\Users\Playtech\Documents\KCRPwebsite\node_modules\.pnpm\express@4.22.2\node_modules\express\lib\router\layer.js:95:5)
    at next (C:\Users\Playtech\Documents\KCRPwebsite\node_modules\.pnpm\express@4.22.2\node_modules\express\lib\router\route.js:149:13)
    at Route.dispatch (C:\Users\Playtech\Documents\KCRPwebsite\node_modules\.pnpm\express@4.22.2\node_modules\express\lib\router\route.js:119:3)
    at Layer.handle [as handle_request] (C:\Users\Playtech\Documents\KCRPwebsite\node_modules\.pnpm\express@4.22.2\node_modules\express\lib\router\layer.js:95:5)
    at C:\Users\Playtech\Documents\KCRPwebsite\node_modules\.pnpm\express@4.22.2\node_modules\express\lib\router\index.js:284:15
    at router.process_params (C:\Users\Playtech\Documents\KCRPwebsite\node_modules\.pnpm\express@4.22.2\node_modules\express\lib\router\index.js:346:12)
    at next (C:\Users\Playtech\Documents\KCRPwebsite\node_modules\.pnpm\express@4.22.2\node_modules\express\lib\router\index.js:280:10)
    at <anonymous> (C:\Users\Playtech\Documents\KCRPwebsite\portal-api\src\index.ts:54:3)
2026-08-07T04:32:17.040Z [db ping] Error: connect ECONNREFUSED 127.0.0.1:3306
    at pingDatabase (C:\Users\Playtech\Documents\KCRPwebsite\portal-api\src\db.ts:33:16)
    at <anonymous> (C:\Users\Playtech\Documents\KCRPwebsite\portal-api\src\index.ts:101:29)
    at Layer.handle [as handle_request] (C:\Users\Playtech\Documents\KCRPwebsite\node_modules\.pnpm\express@4.22.2\node_modules\express\lib\router\layer.js:95:5)
    at next (C:\Users\Playtech\Documents\KCRPwebsite\node_modules\.pnpm\express@4.22.2\node_modules\express\lib\router\route.js:149:13)
    at Route.dispatch (C:\Users\Playtech\Documents\KCRPwebsite\node_modules\.pnpm\express@4.22.2\node_modules\express\lib\router\route.js:119:3)
    at Layer.handle [as handle_request] (C:\Users\Playtech\Documents\KCRPwebsite\node_modules\.pnpm\express@4.22.2\node_modules\express\lib\router\layer.js:95:5)
    at C:\Users\Playtech\Documents\KCRPwebsite\node_modules\.pnpm\express@4.22.2\node_modules\express\lib\router\index.js:284:15
    at router.process_params (C:\Users\Playtech\Documents\KCRPwebsite\node_modules\.pnpm\express@4.22.2\node_modules\express\lib\router\index.js:346:12)
    at next (C:\Users\Playtech\Documents\KCRPwebsite\node_modules\.pnpm\express@4.22.2\node_modules\express\lib\router\index.js:280:10)
    at <anonymous> (C:\Users\Playtech\Documents\KCRPwebsite\portal-api\src\index.ts:54:3)
2026-08-07T04:32:17.076Z [db ping] Error: connect ECONNREFUSED 127.0.0.1:3306
    at pingDatabase (C:\Users\Playtech\Documents\KCRPwebsite\portal-api\src\db.ts:33:16)
    at <anonymous> (C:\Users\Playtech\Documents\KCRPwebsite\portal-api\src\index.ts:67:29)
    at Layer.handle [as handle_request] (C:\Users\Playtech\Documents\KCRPwebsite\node_modules\.pnpm\express@4.22.2\node_modules\express\lib\router\layer.js:95:5)
    at next (C:\Users\Playtech\Documents\KCRPwebsite\node_modules\.pnpm\express@4.22.2\node_modules\express\lib\router\route.js:149:13)
    at Route.dispatch (C:\Users\Playtech\Documents\KCRPwebsite\node_modules\.pnpm\express@4.22.2\node_modules\express\lib\router\route.js:119:3)
    at Layer.handle [as handle_request] (C:\Users\Playtech\Documents\KCRPwebsite\node_modules\.pnpm\express@4.22.2\node_modules\express\lib\router\layer.js:95:5)
    at C:\Users\Playtech\Documents\KCRPwebsite\node_modules\.pnpm\express@4.22.2\node_modules\express\lib\router\index.js:284:15
    at router.process_params (C:\Users\Playtech\Documents\KCRPwebsite\node_modules\.pnpm\express@4.22.2\node_modules\express\lib\router\index.js:346:12)
    at next (C:\Users\Playtech\Documents\KCRPwebsite\node_modules\.pnpm\express@4.22.2\node_modules\express\lib\router\index.js:280:10)
    at <anonymous> (C:\Users\Playtech\Documents\KCRPwebsite\portal-api\src\index.ts:54:3)
2026-08-07T04:47:28.216Z [db ping] Error: connect ECONNREFUSED 127.0.0.1:3306
    at pingDatabase (C:\Users\Playtech\Documents\KCRPwebsite\portal-api\src\db.ts:42:16)
    at <anonymous> (C:\Users\Playtech\Documents\KCRPwebsite\portal-api\src\index.ts:101:24)
    at Layer.handle [as handle_request] (C:\Users\Playtech\Documents\KCRPwebsite\node_modules\.pnpm\express@4.22.2\node_modules\express\lib\router\layer.js:95:5)
    at next (C:\Users\Playtech\Documents\KCRPwebsite\node_modules\.pnpm\express@4.22.2\node_modules\express\lib\router\route.js:149:13)
    at Route.dispatch (C:\Users\Playtech\Documents\KCRPwebsite\node_modules\.pnpm\express@4.22.2\node_modules\express\lib\router\route.js:119:3)
    at Layer.handle [as handle_request] (C:\Users\Playtech\Documents\KCRPwebsite\node_modules\.pnpm\express@4.22.2\node_modules\express\lib\router\layer.js:95:5)
    at C:\Users\Playtech\Documents\KCRPwebsite\node_modules\.pnpm\express@4.22.2\node_modules\express\lib\router\index.js:284:15
    at router.process_params (C:\Users\Playtech\Documents\KCRPwebsite\node_modules\.pnpm\express@4.22.2\node_modules\express\lib\router\index.js:346:12)
    at next (C:\Users\Playtech\Documents\KCRPwebsite\node_modules\.pnpm\express@4.22.2\node_modules\express\lib\router\index.js:280:10)
    at <anonymous> (C:\Users\Playtech\Documents\KCRPwebsite\portal-api\src\index.ts:54:3)
2026-08-07T04:47:28.253Z [db ping] Error: connect ECONNREFUSED 127.0.0.1:3306
    at pingDatabase (C:\Users\Playtech\Documents\KCRPwebsite\portal-api\src\db.ts:42:16)
    at <anonymous> (C:\Users\Playtech\Documents\KCRPwebsite\portal-api\src\index.ts:67:24)
    at Layer.handle [as handle_request] (C:\Users\Playtech\Documents\KCRPwebsite\node_modules\.pnpm\express@4.22.2\node_modules\express\lib\router\layer.js:95:5)
    at next (C:\Users\Playtech\Documents\KCRPwebsite\node_modules\.pnpm\express@4.22.2\node_modules\express\lib\router\route.js:149:13)
    at Route.dispatch (C:\Users\Playtech\Documents\KCRPwebsite\node_modules\.pnpm\express@4.22.2\node_modules\express\lib\router\route.js:119:3)
    at Layer.handle [as handle_request] (C:\Users\Playtech\Documents\KCRPwebsite\node_modules\.pnpm\express@4.22.2\node_modules\express\lib\router\layer.js:95:5)
    at C:\Users\Playtech\Documents\KCRPwebsite\node_modules\.pnpm\express@4.22.2\node_modules\express\lib\router\index.js:284:15
    at router.process_params (C:\Users\Playtech\Documents\KCRPwebsite\node_modules\.pnpm\express@4.22.2\node_modules\express\lib\router\index.js:346:12)
    at next (C:\Users\Playtech\Documents\KCRPwebsite\node_modules\.pnpm\express@4.22.2\node_modules\express\lib\router\index.js:280:10)
    at <anonymous> (C:\Users\Playtech\Documents\KCRPwebsite\portal-api\src\index.ts:54:3)
